// Jest Snapshot v1, https://goo.gl/fbAQLP

exports[`<ChatInput /> expect to render Chat component 1`] = `undefined`;
