// Jest Snapshot v1, https://goo.gl/fbAQLP

exports[`<Chat /> expect to render Chat component 1`] = `
<Chat
  deleteMessage={[MockFunction]}
  editMessage={[MockFunction]}
  messages={
    Array [
      Object {
        "messageid": "1",
        "sent": 2020-01-01T00:00:00.000Z,
        "state": "",
        "text": "Hallo",
        "userid": "1",
        "username": "Max",
      },
      Object {
        "messageid": "2",
        "sent": 2020-01-01T00:00:00.000Z,
        "state": "DELETED",
        "text": "Hi",
        "userid": "2",
        "username": "John",
      },
      Object {
        "messageid": "3",
        "sent": 2020-01-01T00:00:00.000Z,
        "state": "EDITED",
        "text": "What's up?",
        "userid": "3",
        "username": "Jeffrey",
      },
    ]
  }
  sendMessage={[MockFunction]}
  userid="1234"
>
  <div
    className="chatWindow"
  >
    <div
      className="chatMessages"
    >
      <Message
        key="1"
        message={
          Object {
            "messageid": "1",
            "sent": 2020-01-01T00:00:00.000Z,
            "state": "",
            "text": "Hallo",
            "userid": "1",
            "username": "Max",
          }
        }
        switchToEditMode={[Function]}
      >
        <div
          className="message"
        >
          <p>
            <span
              className="sender"
            >
              Max
            </span>
            <span
              className="info"
            >
              01:00
            </span>
          </p>
          <Linkify
            componentDecorator={[Function]}
            hrefDecorator={[Function]}
            matchDecorator={[Function]}
            textDecorator={[Function]}
          >
            <p
              key="0"
              style={
                Object {
                  "color": "black",
                  "lineHeight": "150%",
                }
              }
            >
              Hallo
            </p>
          </Linkify>
        </div>
      </Message>
      <Message
        key="2"
        message={
          Object {
            "messageid": "2",
            "sent": 2020-01-01T00:00:00.000Z,
            "state": "DELETED",
            "text": "Hi",
            "userid": "2",
            "username": "John",
          }
        }
        switchToEditMode={[Function]}
      >
        <div
          className="message"
        >
          <p
            className="deleted"
          >
            Message has been deleted by 
            John
          </p>
        </div>
      </Message>
      <Message
        key="3"
        message={
          Object {
            "messageid": "3",
            "sent": 2020-01-01T00:00:00.000Z,
            "state": "EDITED",
            "text": "What's up?",
            "userid": "3",
            "username": "Jeffrey",
          }
        }
        switchToEditMode={[Function]}
      >
        <div
          className="message"
        >
          <p>
            <span
              className="sender"
            >
              Jeffrey
            </span>
            <span
              className="info"
            >
              01:00
            </span>
            <span
              className="info"
            >
              | edited
            </span>
          </p>
          <Linkify
            componentDecorator={[Function]}
            hrefDecorator={[Function]}
            matchDecorator={[Function]}
            textDecorator={[Function]}
          >
            <p
              key="0"
              style={
                Object {
                  "color": "black",
                  "lineHeight": "150%",
                }
              }
            >
              What's up?
            </p>
          </Linkify>
        </div>
      </Message>
    </div>
    <ChatInput
      parentProps={
        Object {
          "cancelEditMode": [Function],
          "editmode": false,
          "message": "",
          "messageRef": Object {
            "current": <input
              placeholder="Message"
              type="text"
              value=""
            />,
          },
          "messageidtoedit": "",
          "originalmessage": "",
          "setmessage": [Function],
        }
      }
    >
      <div
        className="chatInput"
      >
        <form
          onSubmit={[Function]}
        >
          <ImageUpload
            openImagePreview={[Function]}
          >
            <label
              className="imageupload"
              htmlFor="imageupload"
            >
              ðŸ“¸
            </label>
            <input
              accept="image/png, image/jpeg"
              id="imageupload"
              multiple={false}
              onChange={[Function]}
              style={
                Object {
                  "display": "none",
                }
              }
              type="file"
            />
          </ImageUpload>
          <input
            onBlur={[Function]}
            onChange={[Function]}
            placeholder="Message"
            type="text"
            value=""
          />
        </form>
      </div>
    </ChatInput>
  </div>
</Chat>
`;
