// Jest Snapshot v1, https://goo.gl/fbAQLP

exports[`Component / Chat expect to render Chat component 1`] = `ShallowWrapper {}`;
