// Jest Snapshot v1, https://goo.gl/fbAQLP

exports[`expect to render UserListEntry component 1`] = `
<div
  className="userlistentry"
>
  <p
    className="username"
  >
    Max Mustermann
  </p>
</div>
`;
