// Jest Snapshot v1, https://goo.gl/fbAQLP

exports[`expect to render UserList component 1`] = `ShallowWrapper {}`;
