// Jest Snapshot v1, https://goo.gl/fbAQLP

exports[`Container / ChatContainer expect to render ChatContainer container 1`] = `
<div
  className="chatcontainer"
>
  <UserList
    userList={Object {}}
  />
  <Chat
    messages={Array []}
    sendMessage={[Function]}
  />
</div>
`;
