// Jest Snapshot v1, https://goo.gl/fbAQLP

exports[`Container / Homepage expect to render Homepage container 1`] = `
<div>
  <LogIn
    logInUser={[Function]}
  />
</div>
`;
