// Jest Snapshot v1, https://goo.gl/fbAQLP

exports[`Component / LogIn expect to render LogIn component 1`] = `ShallowWrapper {}`;
